// Jest Snapshot v1, https://goo.gl/fbAQLP

exports[`App Page - Initial Render Initial render 1`] = `
<div>
  <div
    id="app"
  >
    <router-view-stub />
  </div>
</div>
`;
